// Vitest Snapshot v1

exports[`DescripciÃ³n > otra descripcion 1`] = `
<div>
  <img />
  <p />
</div>
`;
